Archive member included to satisfy reference by file (symbol)

/opt/zephyr-sdk/sysroots/riscv32-zephyr-elf/usr/lib/libc.a(lib_a-atexit.o)
                              build/src/start.o (atexit)
/opt/zephyr-sdk/sysroots/riscv32-zephyr-elf/usr/lib/libc.a(lib_a-fini.o)
                              build/src/start.o (__libc_fini_array)
/opt/zephyr-sdk/sysroots/riscv32-zephyr-elf/usr/lib/libc.a(lib_a-init.o)
                              build/src/start.o (__libc_init_array)
/opt/zephyr-sdk/sysroots/riscv32-zephyr-elf/usr/lib/libc.a(lib_a-__atexit.o)
                              /opt/zephyr-sdk/sysroots/riscv32-zephyr-elf/usr/lib/libc.a(lib_a-atexit.o) (__register_exitproc)
/opt/zephyr-sdk/sysroots/riscv32-zephyr-elf/usr/lib/libc.a(lib_a-__call_atexit.o)
                              /opt/zephyr-sdk/sysroots/riscv32-zephyr-elf/usr/lib/libc.a(lib_a-__atexit.o) (__call_exitprocs)

Memory Configuration

Name             Origin             Length             Attributes
flash            0x0000000000000000 0x0000000000004000 axrl !w
ram              0x0000000000040000 0x0000000000004000 axw !rl
*default*        0x0000000000000000 0xffffffffffffffff

Linker script and memory map

LOAD build/src/helloworld.o
LOAD build/src/stdlib.o
LOAD build/src/start.o
LOAD /opt/zephyr-sdk/sysroots/riscv32-zephyr-elf/usr/lib/libc.a
LOAD /opt/zephyr-sdk/sysroots/riscv32-zephyr-elf/usr/lib/riscv32-zephyr-elf/6.1.0/libgcc.a
                0x0000000000000c00                __stack_size = DEFINED (__stack_size)?__stack_size:0xc00

.init           0x0000000000000000       0x84
 *(SORT(.init))
 .init          0x0000000000000000       0x84 build/src/start.o
                0x0000000000000000                _start
                0x0000000000000080                _init
                0x0000000000000080                _fini

.text           0x0000000000000084      0x640
 *(.text.unlikely .text.unlikely.*)
 *(.text.startup .text.startup.*)
 .text.startup  0x0000000000000084       0x24 build/src/helloworld.o
                0x0000000000000084                main
 *(.text .text.*)
 .text          0x00000000000000a8        0x0 build/src/helloworld.o
 .text          0x00000000000000a8      0x278 build/src/stdlib.o
                0x0000000000000164                setStats
                0x0000000000000168                printf
                0x00000000000002bc                puts
                0x0000000000000300                putchar
                0x0000000000000314                time
 .text          0x0000000000000320        0x0 build/src/start.o
 .text          0x0000000000000320       0x14 /opt/zephyr-sdk/sysroots/riscv32-zephyr-elf/usr/lib/libc.a(lib_a-atexit.o)
                0x0000000000000320                atexit
 .text          0x0000000000000334       0x58 /opt/zephyr-sdk/sysroots/riscv32-zephyr-elf/usr/lib/libc.a(lib_a-fini.o)
                0x0000000000000334                __libc_fini_array
 .text          0x000000000000038c       0x90 /opt/zephyr-sdk/sysroots/riscv32-zephyr-elf/usr/lib/libc.a(lib_a-init.o)
                0x000000000000038c                __libc_init_array
 .text          0x000000000000041c      0x114 /opt/zephyr-sdk/sysroots/riscv32-zephyr-elf/usr/lib/libc.a(lib_a-__atexit.o)
                0x000000000000041c                __register_exitproc
 .text          0x0000000000000530      0x170 /opt/zephyr-sdk/sysroots/riscv32-zephyr-elf/usr/lib/libc.a(lib_a-__call_atexit.o)
                0x0000000000000530                __call_exitprocs
 *(.gnu.linkonce.t.*)
 *(.note.gnu.build-id)
 .note.gnu.build-id
                0x00000000000006a0       0x24 build/src/helloworld.o

.rela.dyn       0x00000000000006c4        0x0
 .rela.text.startup
                0x00000000000006c4        0x0 build/src/helloworld.o
 .rela.init     0x00000000000006c4        0x0 build/src/helloworld.o
 .rela.text     0x00000000000006c4        0x0 build/src/helloworld.o
 .rela.sdata    0x00000000000006c4        0x0 build/src/helloworld.o

.fini
 *(SORT(.fini))
                [!provide]                        PROVIDE (__etext, .)
                [!provide]                        PROVIDE (_etext, .)
                [!provide]                        PROVIDE (etext, .)
                0x00000000000006c4                . = ALIGN (0x4)

.preinit_array  0x00000000000006c4        0x0
                0x00000000000006c4                PROVIDE (__preinit_array_start, .)
 *(.preinit_array)
                0x00000000000006c4                PROVIDE (__preinit_array_end, .)

.init_array     0x00000000000006c4        0x0
                0x00000000000006c4                PROVIDE (__init_array_start, .)
 *(SORT(.init_array.*) SORT(.ctors.*))
 *(.init_array EXCLUDE_FILE(*crtend?.o *crtend.o *crtbegin?.o *crtbegin.o) .ctors)
                0x00000000000006c4                PROVIDE (__init_array_end, .)

.fini_array     0x00000000000006c4        0x0
                0x00000000000006c4                PROVIDE (__fini_array_start, .)
 *(SORT(.fini_array.*) SORT(.dtors.*))
 *(.fini_array EXCLUDE_FILE(*crtend?.o *crtend.o *crtbegin?.o *crtbegin.o) .dtors)
                0x00000000000006c4                PROVIDE (__fini_array_end, .)

.ctors
 *crtbegin.o(.ctors)
 *crtbegin?.o(.ctors)
 *(EXCLUDE_FILE(*crtend?.o *crtend.o) .ctors)
 *(SORT(.ctors.*))
 *(.ctors)

.dtors
 *crtbegin.o(.dtors)
 *crtbegin?.o(.dtors)
 *(EXCLUDE_FILE(*crtend?.o *crtend.o) .dtors)
 *(SORT(.dtors.*))
 *(.dtors)

.lalign         0x00000000000006c4        0x0
                0x00000000000006c4                . = ALIGN (0x4)
                0x00000000000006c4                PROVIDE (_data_lma, .)

.dalign         0x0000000000040000        0x0 load address 0x00000000000006c4
                0x0000000000040000                . = ALIGN (0x4)
                0x0000000000040000                PROVIDE (_data, .)

.data           0x0000000000040000       0x20 load address 0x00000000000006c4
 *(.rdata)
 *(.rodata .rodata.*)
 .rodata.str1.4
                0x0000000000040000       0x18 build/src/helloworld.o
 *(.gnu.linkonce.r.*)
 *(.data .data.*)
 .data          0x0000000000040018        0x0 build/src/helloworld.o
 .data          0x0000000000040018        0x0 build/src/stdlib.o
 .data          0x0000000000040018        0x0 build/src/start.o
 .data          0x0000000000040018        0x0 /opt/zephyr-sdk/sysroots/riscv32-zephyr-elf/usr/lib/libc.a(lib_a-atexit.o)
 .data          0x0000000000040018        0x0 /opt/zephyr-sdk/sysroots/riscv32-zephyr-elf/usr/lib/libc.a(lib_a-fini.o)
 .data          0x0000000000040018        0x0 /opt/zephyr-sdk/sysroots/riscv32-zephyr-elf/usr/lib/libc.a(lib_a-init.o)
 .data          0x0000000000040018        0x0 /opt/zephyr-sdk/sysroots/riscv32-zephyr-elf/usr/lib/libc.a(lib_a-__atexit.o)
 .data          0x0000000000040018        0x0 /opt/zephyr-sdk/sysroots/riscv32-zephyr-elf/usr/lib/libc.a(lib_a-__call_atexit.o)
 *(.gnu.linkonce.d.*)
                0x0000000000040018                . = ALIGN (0x8)
                0x0000000000040818                PROVIDE (__global_pointer$, (. + 0x800))
 *(.sdata .sdata.*)
 .sdata         0x0000000000040018        0x4 /opt/zephyr-sdk/sysroots/riscv32-zephyr-elf/usr/lib/libc.a(lib_a-__atexit.o)
                0x0000000000040018                __atexit_dummy
 *(.gnu.linkonce.s.*)
                0x0000000000040020                . = ALIGN (0x8)
 *fill*         0x000000000004001c        0x4 
 *(.srodata.cst16)
 *(.srodata.cst8)
 *(.srodata.cst4)
 *(.srodata.cst2)
 *(.srodata .srodata.*)
                0x0000000000040020                . = ALIGN (0x4)
                0x0000000000040020                PROVIDE (_edata, .)
                [!provide]                        PROVIDE (edata, .)
                [!provide]                        PROVIDE (_fbss, .)
                0x0000000000040020                PROVIDE (__bss_start, .)

.bss            0x0000000000040020      0x194
 *(.sbss*)
 .sbss          0x0000000000040020        0x4 /opt/zephyr-sdk/sysroots/riscv32-zephyr-elf/usr/lib/libc.a(lib_a-__call_atexit.o)
                0x0000000000040020                _global_atexit
 *(.gnu.linkonce.sb.*)
 *(.bss .bss.*)
 .bss           0x0000000000040024        0x0 build/src/helloworld.o
 .bss           0x0000000000040024        0x0 build/src/stdlib.o
 .bss           0x0000000000040024        0x0 build/src/start.o
 .bss           0x0000000000040024        0x0 /opt/zephyr-sdk/sysroots/riscv32-zephyr-elf/usr/lib/libc.a(lib_a-atexit.o)
 .bss           0x0000000000040024        0x0 /opt/zephyr-sdk/sysroots/riscv32-zephyr-elf/usr/lib/libc.a(lib_a-fini.o)
 .bss           0x0000000000040024        0x0 /opt/zephyr-sdk/sysroots/riscv32-zephyr-elf/usr/lib/libc.a(lib_a-init.o)
 .bss           0x0000000000040024      0x190 /opt/zephyr-sdk/sysroots/riscv32-zephyr-elf/usr/lib/libc.a(lib_a-__atexit.o)
 .bss           0x00000000000401b4        0x0 /opt/zephyr-sdk/sysroots/riscv32-zephyr-elf/usr/lib/libc.a(lib_a-__call_atexit.o)
 *(.gnu.linkonce.b.*)
 *(COMMON)
                0x00000000000401b4                . = ALIGN (0x4)
                0x00000000000401b8                . = ALIGN (0x8)
                0x00000000000401b8                PROVIDE (_end, .)
                [!provide]                        PROVIDE (end, .)

.stack          0x0000000000043400      0xc00 load address 0x00000000000401b4
                [!provide]                        PROVIDE (_heap_end, .)
                0x0000000000000c00                . = __stack_size
 *fill*         0x0000000000043400      0xc00 
                0x0000000000044000                PROVIDE (_sp, .)
OUTPUT(build/software.elf elf32-littleriscv)

.comment        0x0000000000000000       0x11
 .comment       0x0000000000000000       0x11 build/src/helloworld.o
                                         0x12 (size before relaxing)
 .comment       0x0000000000000011       0x12 build/src/stdlib.o
 .comment       0x0000000000000011       0x12 /opt/zephyr-sdk/sysroots/riscv32-zephyr-elf/usr/lib/libc.a(lib_a-atexit.o)
 .comment       0x0000000000000011       0x12 /opt/zephyr-sdk/sysroots/riscv32-zephyr-elf/usr/lib/libc.a(lib_a-fini.o)
 .comment       0x0000000000000011       0x12 /opt/zephyr-sdk/sysroots/riscv32-zephyr-elf/usr/lib/libc.a(lib_a-init.o)
 .comment       0x0000000000000011       0x12 /opt/zephyr-sdk/sysroots/riscv32-zephyr-elf/usr/lib/libc.a(lib_a-__atexit.o)
 .comment       0x0000000000000011       0x12 /opt/zephyr-sdk/sysroots/riscv32-zephyr-elf/usr/lib/libc.a(lib_a-__call_atexit.o)

.debug_frame    0x0000000000000000      0x1d8
 .debug_frame   0x0000000000000000       0x20 /opt/zephyr-sdk/sysroots/riscv32-zephyr-elf/usr/lib/libc.a(lib_a-atexit.o)
 .debug_frame   0x0000000000000020       0x50 /opt/zephyr-sdk/sysroots/riscv32-zephyr-elf/usr/lib/libc.a(lib_a-fini.o)
 .debug_frame   0x0000000000000070       0x58 /opt/zephyr-sdk/sysroots/riscv32-zephyr-elf/usr/lib/libc.a(lib_a-init.o)
 .debug_frame   0x00000000000000c8       0x70 /opt/zephyr-sdk/sysroots/riscv32-zephyr-elf/usr/lib/libc.a(lib_a-__atexit.o)
 .debug_frame   0x0000000000000138       0xa0 /opt/zephyr-sdk/sysroots/riscv32-zephyr-elf/usr/lib/libc.a(lib_a-__call_atexit.o)

.debug_info     0x0000000000000000     0x1dfb
 .debug_info    0x0000000000000000      0x902 /opt/zephyr-sdk/sysroots/riscv32-zephyr-elf/usr/lib/libc.a(lib_a-atexit.o)
 .debug_info    0x0000000000000902       0xfa /opt/zephyr-sdk/sysroots/riscv32-zephyr-elf/usr/lib/libc.a(lib_a-fini.o)
 .debug_info    0x00000000000009fc      0x110 /opt/zephyr-sdk/sysroots/riscv32-zephyr-elf/usr/lib/libc.a(lib_a-init.o)
 .debug_info    0x0000000000000b0c      0x974 /opt/zephyr-sdk/sysroots/riscv32-zephyr-elf/usr/lib/libc.a(lib_a-__atexit.o)
 .debug_info    0x0000000000001480      0x97b /opt/zephyr-sdk/sysroots/riscv32-zephyr-elf/usr/lib/libc.a(lib_a-__call_atexit.o)

.debug_abbrev   0x0000000000000000      0x7eb
 .debug_abbrev  0x0000000000000000      0x1f6 /opt/zephyr-sdk/sysroots/riscv32-zephyr-elf/usr/lib/libc.a(lib_a-atexit.o)
 .debug_abbrev  0x00000000000001f6       0xbd /opt/zephyr-sdk/sysroots/riscv32-zephyr-elf/usr/lib/libc.a(lib_a-fini.o)
 .debug_abbrev  0x00000000000002b3       0xba /opt/zephyr-sdk/sysroots/riscv32-zephyr-elf/usr/lib/libc.a(lib_a-init.o)
 .debug_abbrev  0x000000000000036d      0x245 /opt/zephyr-sdk/sysroots/riscv32-zephyr-elf/usr/lib/libc.a(lib_a-__atexit.o)
 .debug_abbrev  0x00000000000005b2      0x239 /opt/zephyr-sdk/sysroots/riscv32-zephyr-elf/usr/lib/libc.a(lib_a-__call_atexit.o)

.debug_loc      0x0000000000000000      0x449
 .debug_loc     0x0000000000000000       0x2c /opt/zephyr-sdk/sysroots/riscv32-zephyr-elf/usr/lib/libc.a(lib_a-atexit.o)
 .debug_loc     0x000000000000002c       0x3e /opt/zephyr-sdk/sysroots/riscv32-zephyr-elf/usr/lib/libc.a(lib_a-fini.o)
 .debug_loc     0x000000000000006a       0x84 /opt/zephyr-sdk/sysroots/riscv32-zephyr-elf/usr/lib/libc.a(lib_a-init.o)
 .debug_loc     0x00000000000000ee      0x178 /opt/zephyr-sdk/sysroots/riscv32-zephyr-elf/usr/lib/libc.a(lib_a-__atexit.o)
 .debug_loc     0x0000000000000266      0x1e3 /opt/zephyr-sdk/sysroots/riscv32-zephyr-elf/usr/lib/libc.a(lib_a-__call_atexit.o)

.debug_aranges  0x0000000000000000       0xa0
 .debug_aranges
                0x0000000000000000       0x20 /opt/zephyr-sdk/sysroots/riscv32-zephyr-elf/usr/lib/libc.a(lib_a-atexit.o)
 .debug_aranges
                0x0000000000000020       0x20 /opt/zephyr-sdk/sysroots/riscv32-zephyr-elf/usr/lib/libc.a(lib_a-fini.o)
 .debug_aranges
                0x0000000000000040       0x20 /opt/zephyr-sdk/sysroots/riscv32-zephyr-elf/usr/lib/libc.a(lib_a-init.o)
 .debug_aranges
                0x0000000000000060       0x20 /opt/zephyr-sdk/sysroots/riscv32-zephyr-elf/usr/lib/libc.a(lib_a-__atexit.o)
 .debug_aranges
                0x0000000000000080       0x20 /opt/zephyr-sdk/sysroots/riscv32-zephyr-elf/usr/lib/libc.a(lib_a-__call_atexit.o)

.debug_line     0x0000000000000000      0xec1
 .debug_line    0x0000000000000000      0x33b /opt/zephyr-sdk/sysroots/riscv32-zephyr-elf/usr/lib/libc.a(lib_a-atexit.o)
 .debug_line    0x000000000000033b      0x14c /opt/zephyr-sdk/sysroots/riscv32-zephyr-elf/usr/lib/libc.a(lib_a-fini.o)
 .debug_line    0x0000000000000487      0x1a4 /opt/zephyr-sdk/sysroots/riscv32-zephyr-elf/usr/lib/libc.a(lib_a-init.o)
 .debug_line    0x000000000000062b      0x401 /opt/zephyr-sdk/sysroots/riscv32-zephyr-elf/usr/lib/libc.a(lib_a-__atexit.o)
 .debug_line    0x0000000000000a2c      0x495 /opt/zephyr-sdk/sysroots/riscv32-zephyr-elf/usr/lib/libc.a(lib_a-__call_atexit.o)

.debug_str      0x0000000000000000      0x73a
 .debug_str     0x0000000000000000      0x552 /opt/zephyr-sdk/sysroots/riscv32-zephyr-elf/usr/lib/libc.a(lib_a-atexit.o)
                                        0x5b9 (size before relaxing)
 .debug_str     0x0000000000000552       0xa9 /opt/zephyr-sdk/sysroots/riscv32-zephyr-elf/usr/lib/libc.a(lib_a-fini.o)
                                        0x1c3 (size before relaxing)
 .debug_str     0x00000000000005fb       0x8c /opt/zephyr-sdk/sysroots/riscv32-zephyr-elf/usr/lib/libc.a(lib_a-init.o)
                                        0x1ed (size before relaxing)
 .debug_str     0x0000000000000687       0x59 /opt/zephyr-sdk/sysroots/riscv32-zephyr-elf/usr/lib/libc.a(lib_a-__atexit.o)
                                        0x5f2 (size before relaxing)
 .debug_str     0x00000000000006e0       0x5a /opt/zephyr-sdk/sysroots/riscv32-zephyr-elf/usr/lib/libc.a(lib_a-__call_atexit.o)
                                        0x5b1 (size before relaxing)

.debug_ranges   0x0000000000000000       0x20
 .debug_ranges  0x0000000000000000       0x20 /opt/zephyr-sdk/sysroots/riscv32-zephyr-elf/usr/lib/libc.a(lib_a-__call_atexit.o)
